### BTest baseline data generated by btest-diff. Do not edit. Use "btest -U/-u" to update. Requires BTest >= 0.63.
topic=/topic/test
name=test
a1=encoding.Data{DataType:"boolean", DataValue:true} // true
a2=encoding.Data{DataType:"integer", DataValue:-42} // -42
a3=encoding.Data{DataType:"count", DataValue:0x2a} // 42
a4=encoding.Data{DataType:"real", DataValue:3.14159} // 3.14159
a5=encoding.Data{DataType:"timestamp", DataValue:time.Date(2023, time.May, 2, 4, 31, 49, 0, time.UTC)} // 2023-05-02 04:31:49 +0000 UTC
a6=encoding.Data{DataType:"timespan", DataValue:210000000000} // 3m30s
a7=encoding.Data{DataType:"string", DataValue:"hi"} // hi
a8=encoding.Data{DataType:"port", DataValue:encoding.Service{Port:0x1a0b, Protocol:"tcp"}} // {6667 tcp}
a9=encoding.Data{DataType:"address", DataValue:net.IP{0x0, 0x0, 0x0, 0x0, 0x0, 0x0, 0x0, 0x0, 0x0, 0x0, 0xff, 0xff, 0x1, 0x2, 0x3, 0x4}} // 1.2.3.4
a10=encoding.Data{DataType:"subnet", DataValue:"1.2.3.0/24"} // 1.2.3.0/24
a11=encoding.Data{DataType:"enum-value", DataValue:"White"} // White
a12=encoding.Data{DataType:"table", DataValue:map[encoding.Data]encoding.Data{encoding.Data{DataType:"count", DataValue:0x5}:encoding.Data{DataType:"string", DataValue:"five"}, encoding.Data{DataType:"count", DataValue:0xb}:encoding.Data{DataType:"string", DataValue:"eleven"}}} // map[{count 5}:{string five} {count 11}:{string eleven}]
a13=encoding.Data{DataType:"set", DataValue:map[encoding.Data]struct {}{encoding.Data{DataType:"port", DataValue:encoding.Service{Port:0x15, Protocol:"tcp"}}:struct {}{}, encoding.Data{DataType:"port", DataValue:encoding.Service{Port:0x17, Protocol:"tcp"}}:struct {}{}, encoding.Data{DataType:"port", DataValue:encoding.Service{Port:0x50, Protocol:"tcp"}}:struct {}{}, encoding.Data{DataType:"port", DataValue:encoding.Service{Port:0x1bb, Protocol:"tcp"}}:struct {}{}}} // map[{port {21 tcp}}:{} {port {23 tcp}}:{} {port {80 tcp}}:{} {port {443 tcp}}:{}]
a14=encoding.Data{DataType:"vector", DataValue:[]encoding.Data{encoding.Data{DataType:"string", DataValue:"one"}, encoding.Data{DataType:"string", DataValue:"two"}, encoding.Data{DataType:"string", DataValue:"three"}}} // [{string one} {string two} {string three}]
