### BTest baseline data generated by btest-diff. Do not edit. Use "btest -U/-u" to update. Requires BTest >= 0.63.
[name=test, args=[[data=broker::data{T}], [data=broker::data{-42}], [data=broker::data{42}], [data=broker::data{3.141590}], [data=broker::data{1683001909000000000ns}], [data=broker::data{210000000000ns}], [data=broker::data{hi}], [data=broker::data{6667/tcp}], [data=broker::data{1.2.3.4}], [data=broker::data{1.2.3.0/24}], [data=broker::data{White}], [data=broker::data{{5 -> five, 11 -> eleven}}], [data=broker::data{{21/tcp, 23/tcp, 80/tcp, 443/tcp}}], [data=broker::data{(one, two, three)}]]]
