### BTest baseline data generated by btest-diff. Do not edit. Use "btest -U/-u" to update. Requires BTest >= 0.63.
a1, T
a2, -42
a3, 42
a4, 3.14159
a5, 1683001909.0
a6, 3.0 mins 30.0 secs
a7, hi
a8, 6667/tcp
a9, 1.2.3.4
a10, 1.2.3.0/24
a11, White
a12, {
[11] = eleven,
[5] = five
}
a13, {
80/tcp,
443/tcp,
21/tcp,
22/tcp
}
a14, [one, two, three]
